
=== Lucknow ===
  Lucknow | General Physician: total reported = 24
  Lucknow | General Physician: page 1 -> 10 new (cumul 10)
  Lucknow | General Physician: page 2 -> 10 new (cumul 20)
  Lucknow | General Physician: page 3 -> 4 new (cumul 24)
  Lucknow | Cardiologist: total reported = 28
  Lucknow | Cardiologist: page 1 -> 10 new (cumul 10)
  Lucknow | Cardiologist: page 2 -> 10 new (cumul 20)
  Lucknow | Cardiologist: page 3 -> 8 new (cumul 28)
  Lucknow | Orthopedic: total reported = 0
  Lucknow | Pediatrician: total reported = 114
  Lucknow | Pediatrician: page 1 -> 10 new (cumul 10)
  Lucknow | Pediatrician: page 2 -> 10 new (cumul 20)
  Lucknow | Pediatrician: page 3 -> 10 new (cumul 30)
  Lucknow | Pediatrician: page 4 -> 10 new (cumul 40)
  Lucknow | Pediatrician: page 5 -> 10 new (cumul 50)
  Lucknow | Pediatrician: page 6 -> 10 new (cumul 60)
  Lucknow | Pediatrician: page 7 -> 10 new (cumul 70)
  Lucknow | Pediatrician: page 8 -> 10 new (cumul 80)
  Lucknow | Pediatrician: page 9 -> 10 new (cumul 90)
  Lucknow | Pediatrician: page 10 -> 10 new (cumul 100)
  Lucknow | Pediatrician: page 11 -> 10 new (cumul 110)
  Lucknow | Pediatrician: page 12 -> 4 new (cumul 114)
  Lucknow | Gynecologist: total reported = 23
  Lucknow | Gynecologist: page 1 -> 10 new (cumul 10)
  Lucknow | Gynecologist: page 2 -> 10 new (cumul 20)
  Lucknow | Gynecologist: page 3 -> 3 new (cumul 23)
  Lucknow | Dermatologist: total reported = 41
  Lucknow | Dermatologist: page 1 -> 10 new (cumul 10)
  Lucknow | Dermatologist: page 2 -> 10 new (cumul 20)
  Lucknow | Dermatologist: page 3 -> 10 new (cumul 30)
  Lucknow | Dermatologist: page 4 -> 10 new (cumul 40)
  Lucknow | Dermatologist: page 5 -> 1 new (cumul 41)
  Lucknow | Neurologist: total reported = 19
  Lucknow | Neurologist: page 1 -> 10 new (cumul 10)
  Lucknow | Neurologist: page 2 -> 9 new (cumul 19)
  Lucknow | Diabetologist: total reported = 41
  Lucknow | Diabetologist: page 1 -> 10 new (cumul 10)
  Lucknow | Diabetologist: page 2 -> 10 new (cumul 20)
  Lucknow | Diabetologist: page 3 -> 10 new (cumul 30)
  Lucknow | Diabetologist: page 4 -> 10 new (cumul 40)
  Lucknow | Diabetologist: page 5 -> 1 new (cumul 41)
  Lucknow | ENT: total reported = 0
  Lucknow | Ophthalmologist: total reported = 89
  Lucknow | Ophthalmologist: page 1 -> 10 new (cumul 10)
  Lucknow | Ophthalmologist: page 2 -> 10 new (cumul 20)
  Lucknow | Ophthalmologist: page 3 -> 10 new (cumul 30)
  Lucknow | Ophthalmologist: page 4 -> 10 new (cumul 40)
  Lucknow | Ophthalmologist: page 5 -> 10 new (cumul 50)
  Lucknow | Ophthalmologist: page 6 -> 10 new (cumul 60)
  Lucknow | Ophthalmologist: page 7 -> 10 new (cumul 70)
  Lucknow | Ophthalmologist: page 8 -> 10 new (cumul 80)
  Lucknow | Ophthalmologist: page 9 -> 9 new (cumul 89)
  Lucknow | Urologist: total reported = 23
  Lucknow | Urologist: page 1 -> 10 new (cumul 10)
  Lucknow | Urologist: page 2 -> 10 new (cumul 20)
  Lucknow | Urologist: page 3 -> 3 new (cumul 23)
  Lucknow | Psychiatrist: total reported = 17
  Lucknow | Psychiatrist: page 1 -> 10 new (cumul 10)
  Lucknow | Psychiatrist: page 2 -> 7 new (cumul 17)
  Lucknow | Physiotherapist: total reported = 114
  Lucknow | Physiotherapist: page 1 -> 10 new (cumul 10)
  Lucknow | Physiotherapist: page 2 -> 10 new (cumul 20)
  Lucknow | Physiotherapist: page 3 -> 10 new (cumul 30)
  Lucknow | Physiotherapist: page 4 -> 10 new (cumul 40)
  Lucknow | Physiotherapist: page 5 -> 10 new (cumul 50)
  Lucknow | Physiotherapist: page 6 -> 10 new (cumul 60)
  Lucknow | Physiotherapist: page 7 -> 10 new (cumul 70)
  Lucknow | Physiotherapist: page 8 -> 10 new (cumul 80)
  Lucknow | Physiotherapist: page 9 -> 10 new (cumul 90)
  Lucknow | Physiotherapist: page 10 -> 10 new (cumul 100)
  Lucknow | Physiotherapist: page 11 -> 10 new (cumul 110)
  Lucknow | Physiotherapist: page 12 -> 4 new (cumul 114)
  Lucknow | Oncologist: total reported = 15
  Lucknow | Oncologist: page 1 -> 10 new (cumul 10)
  Lucknow | Oncologist: page 2 -> 5 new (cumul 15)
  Lucknow | Gastroenterologist: total reported = 25
  Lucknow | Gastroenterologist: page 1 -> 10 new (cumul 10)
  Lucknow | Gastroenterologist: page 2 -> 10 new (cumul 20)
  Lucknow | Gastroenterologist: page 3 -> 5 new (cumul 25)
  Lucknow | Dentist: total reported = 72
  Lucknow | Dentist: page 1 -> 10 new (cumul 10)
  Lucknow | Dentist: page 2 -> 10 new (cumul 20)
  Lucknow | Dentist: page 3 -> 10 new (cumul 30)
  Lucknow | Dentist: page 4 -> 10 new (cumul 40)
  Lucknow | Dentist: page 5 -> 10 new (cumul 50)
  Lucknow | Dentist: page 6 -> 10 new (cumul 60)
  Lucknow | Dentist: page 7 -> 10 new (cumul 70)
  Lucknow | Dentist: page 8 -> 2 new (cumul 72)
  Lucknow | Pulmonologist: total reported = 36
  Lucknow | Pulmonologist: page 1 -> 10 new (cumul 10)
  Lucknow | Pulmonologist: page 2 -> 10 new (cumul 20)
  Lucknow | Pulmonologist: page 3 -> 10 new (cumul 30)
  Lucknow | Pulmonologist: page 4 -> 6 new (cumul 36)
  Lucknow | Endocrinologist: total reported = 12
  Lucknow | Endocrinologist: page 1 -> 10 new (cumul 10)
  Lucknow | Endocrinologist: page 2 -> 2 new (cumul 12)
  Lucknow | Nephrologist: total reported = 15
  Lucknow | Nephrologist: page 1 -> 10 new (cumul 10)
  Lucknow | Nephrologist: page 2 -> 5 new (cumul 15)
  Lucknow | Rheumatologist: total reported = 3
  Lucknow | Rheumatologist: page 1 -> 3 new (cumul 3)
  Lucknow | Ayurveda: total reported = 12
  Lucknow | Ayurveda: page 1 -> 10 new (cumul 10)
  Lucknow | Ayurveda: page 2 -> 2 new (cumul 12)
  Lucknow | Homoeopath: total reported = 18
  Lucknow | Homoeopath: page 1 -> 10 new (cumul 10)
  Lucknow | Homoeopath: page 2 -> 8 new (cumul 18)
  Lucknow unique: 715

=== Delhi ===
  Delhi | General Physician: total reported = 181
  Delhi | General Physician: page 1 -> 10 new (cumul 10)
  Delhi | General Physician: page 2 -> 10 new (cumul 20)
  Delhi | General Physician: page 3 -> 10 new (cumul 30)
  Delhi | General Physician: page 4 -> 10 new (cumul 40)
  Delhi | General Physician: page 5 -> 10 new (cumul 50)
  Delhi | General Physician: page 6 -> 10 new (cumul 60)
  Delhi | General Physician: page 7 -> 10 new (cumul 70)
  Delhi | General Physician: page 8 -> 10 new (cumul 80)
  Delhi | General Physician: page 9 -> 10 new (cumul 90)
  Delhi | General Physician: page 10 -> 10 new (cumul 100)
  Delhi | General Physician: page 11 -> 10 new (cumul 110)
  Delhi | General Physician: page 12 -> 10 new (cumul 120)
  Delhi | General Physician: page 13 -> 10 new (cumul 130)
  Delhi | General Physician: page 14 -> 10 new (cumul 140)
  Delhi | General Physician: page 15 -> 10 new (cumul 150)
  Delhi | General Physician: page 16 -> 10 new (cumul 160)
  Delhi | General Physician: page 17 -> 10 new (cumul 170)
  Delhi | General Physician: page 18 -> 10 new (cumul 180)
  Delhi | General Physician: page 19 -> 1 new (cumul 181)
  Delhi | Cardiologist: total reported = 57
  Delhi | Cardiologist: page 1 -> 10 new (cumul 10)
  Delhi | Cardiologist: page 2 -> 10 new (cumul 20)
  Delhi | Cardiologist: page 3 -> 10 new (cumul 30)
  Delhi | Cardiologist: page 4 -> 10 new (cumul 40)
  Delhi | Cardiologist: page 5 -> 10 new (cumul 50)
  Delhi | Cardiologist: page 6 -> 7 new (cumul 57)
  Delhi | Orthopedic: total reported = 0
  Delhi | Pediatrician: total reported = 123
  Delhi | Pediatrician: page 1 -> 10 new (cumul 10)
  Delhi | Pediatrician: page 2 -> 10 new (cumul 20)
  Delhi | Pediatrician: page 3 -> 10 new (cumul 30)
  Delhi | Pediatrician: page 4 -> 10 new (cumul 40)
  Delhi | Pediatrician: page 5 -> 10 new (cumul 50)
  Delhi | Pediatrician: page 6 -> 10 new (cumul 60)
  Delhi | Pediatrician: page 7 -> 10 new (cumul 70)
  Delhi | Pediatrician: page 8 -> 10 new (cumul 80)
  Delhi | Pediatrician: page 9 -> 10 new (cumul 90)
  Delhi | Pediatrician: page 10 -> 10 new (cumul 100)
  Delhi | Pediatrician: page 11 -> 10 new (cumul 110)
  Delhi | Pediatrician: page 12 -> 10 new (cumul 120)
  Delhi | Pediatrician: page 13 -> 3 new (cumul 123)
  Delhi | Gynecologist: total reported = 291
  Delhi | Gynecologist: page 1 -> 10 new (cumul 10)
  Delhi | Gynecologist: page 2 -> 10 new (cumul 20)
  Delhi | Gynecologist: page 3 -> 10 new (cumul 30)
  Delhi | Gynecologist: page 4 -> 10 new (cumul 40)
  Delhi | Gynecologist: page 5 -> 10 new (cumul 50)
  Delhi | Gynecologist: page 6 -> 10 new (cumul 60)
  Delhi | Gynecologist: page 7 -> 10 new (cumul 70)
  Delhi | Gynecologist: page 8 -> 10 new (cumul 80)
  Delhi | Gynecologist: page 9 -> 10 new (cumul 90)
  Delhi | Gynecologist: page 10 -> 10 new (cumul 100)
  Delhi | Gynecologist: page 11 -> 10 new (cumul 110)
  Delhi | Gynecologist: page 12 -> 10 new (cumul 120)
  Delhi | Gynecologist: page 13 -> 10 new (cumul 130)
  Delhi | Gynecologist: page 14 -> 10 new (cumul 140)
  Delhi | Gynecologist: page 15 -> 10 new (cumul 150)
  Delhi | Gynecologist: page 16 -> 10 new (cumul 160)
  Delhi | Gynecologist: page 17 -> 10 new (cumul 170)
  Delhi | Gynecologist: page 18 -> 10 new (cumul 180)
  Delhi | Gynecologist: page 19 -> 10 new (cumul 190)
  Delhi | Gynecologist: page 20 -> 10 new (cumul 200)
  Delhi | Gynecologist: page 21 -> 10 new (cumul 210)
  Delhi | Gynecologist: page 22 -> 10 new (cumul 220)
  Delhi | Gynecologist: page 23 -> 10 new (cumul 230)
  Delhi | Gynecologist: page 24 -> 10 new (cumul 240)
  Delhi | Gynecologist: page 25 -> 10 new (cumul 250)
  Delhi | Gynecologist: page 26 -> 10 new (cumul 260)
  Delhi | Gynecologist: page 27 -> 10 new (cumul 270)
  Delhi | Gynecologist: page 28 -> 10 new (cumul 280)
  Delhi | Gynecologist: page 29 -> 10 new (cumul 290)
  Delhi | Gynecologist: page 30 -> 1 new (cumul 291)
  Delhi | Dermatologist: total reported = 106
  Delhi | Dermatologist: page 1 -> 10 new (cumul 10)
  Delhi | Dermatologist: page 2 -> 10 new (cumul 20)
  Delhi | Dermatologist: page 3 -> 10 new (cumul 30)
  Delhi | Dermatologist: page 4 -> 10 new (cumul 40)
  Delhi | Dermatologist: page 5 -> 10 new (cumul 50)
  Delhi | Dermatologist: page 6 -> 10 new (cumul 60)
  Delhi | Dermatologist: page 7 -> 10 new (cumul 70)
  Delhi | Dermatologist: page 8 -> 10 new (cumul 80)
  Delhi | Dermatologist: page 9 -> 10 new (cumul 90)
  Delhi | Dermatologist: page 10 -> 10 new (cumul 100)
  Delhi | Dermatologist: page 11 -> 6 new (cumul 106)
  Delhi | Neurologist: total reported = 45
  Delhi | Neurologist: page 1 -> 10 new (cumul 10)
  Delhi | Neurologist: page 2 -> 10 new (cumul 20)
  Delhi | Neurologist: page 3 -> 10 new (cumul 30)
  Delhi | Neurologist: page 4 -> 10 new (cumul 40)
  Delhi | Neurologist: page 5 -> 5 new (cumul 45)
  Delhi | Diabetologist: total reported = 44
  Delhi | Diabetologist: page 1 -> 10 new (cumul 10)
  Delhi | Diabetologist: page 2 -> 10 new (cumul 20)
  Delhi | Diabetologist: page 3 -> 10 new (cumul 30)
  Delhi | Diabetologist: page 4 -> 10 new (cumul 40)
  Delhi | Diabetologist: page 5 -> 4 new (cumul 44)
  Delhi | ENT: total reported = 0
  Delhi | Ophthalmologist: total reported = 162
  Delhi | Ophthalmologist: page 1 -> 10 new (cumul 10)
  Delhi | Ophthalmologist: page 2 -> 10 new (cumul 20)
  Delhi | Ophthalmologist: page 3 -> 10 new (cumul 30)
  Delhi | Ophthalmologist: page 4 -> 10 new (cumul 40)
  Delhi | Ophthalmologist: page 5 -> 10 new (cumul 50)
  Delhi | Ophthalmologist: page 6 -> 10 new (cumul 60)
  Delhi | Ophthalmologist: page 7 -> 10 new (cumul 70)
  Delhi | Ophthalmologist: page 8 -> 10 new (cumul 80)
  Delhi | Ophthalmologist: page 9 -> 10 new (cumul 90)
  Delhi | Ophthalmologist: page 10 -> 10 new (cumul 100)
  Delhi | Ophthalmologist: page 11 -> 10 new (cumul 110)
  Delhi | Ophthalmologist: page 12 -> 10 new (cumul 120)
  Delhi | Ophthalmologist: page 13 -> 10 new (cumul 130)
  Delhi | Ophthalmologist: page 14 -> 10 new (cumul 140)
  Delhi | Ophthalmologist: page 15 -> 10 new (cumul 150)
  Delhi | Ophthalmologist: page 16 -> 10 new (cumul 160)
  Delhi | Ophthalmologist: page 17 -> 2 new (cumul 162)
  Delhi | Urologist: total reported = 52
  Delhi | Urologist: page 1 -> 10 new (cumul 10)
  Delhi | Urologist: page 2 -> 10 new (cumul 20)
  Delhi | Urologist: page 3 -> 10 new (cumul 30)
  Delhi | Urologist: page 4 -> 10 new (cumul 40)
  Delhi | Urologist: page 5 -> 10 new (cumul 50)
  Delhi | Urologist: page 6 -> 2 new (cumul 52)
  Delhi | Psychiatrist: total reported = 84
  Delhi | Psychiatrist: page 1 -> 10 new (cumul 10)
  Delhi | Psychiatrist: page 2 -> 10 new (cumul 20)
  Delhi | Psychiatrist: page 3 -> 10 new (cumul 30)
  Delhi | Psychiatrist: page 4 -> 10 new (cumul 40)
  Delhi | Psychiatrist: page 5 -> 10 new (cumul 50)
  Delhi | Psychiatrist: page 6 -> 10 new (cumul 60)
  Delhi | Psychiatrist: page 7 -> 10 new (cumul 70)
  Delhi | Psychiatrist: page 8 -> 10 new (cumul 80)
  Delhi | Psychiatrist: page 9 -> 4 new (cumul 84)
  Delhi | Physiotherapist: total reported = 82
  Delhi | Physiotherapist: page 1 -> 10 new (cumul 10)
  Delhi | Physiotherapist: page 2 -> 10 new (cumul 20)
  Delhi | Physiotherapist: page 3 -> 10 new (cumul 30)
  Delhi | Physiotherapist: page 4 -> 10 new (cumul 40)
  Delhi | Physiotherapist: page 5 -> 10 new (cumul 50)
  Delhi | Physiotherapist: page 6 -> 10 new (cumul 60)
  Delhi | Physiotherapist: page 7 -> 10 new (cumul 70)
  Delhi | Physiotherapist: page 8 -> 10 new (cumul 80)
  Delhi | Physiotherapist: page 9 -> 2 new (cumul 82)
  Delhi | Oncologist: total reported = 64
  Delhi | Oncologist: page 1 -> 10 new (cumul 10)
  Delhi | Oncologist: page 2 -> 10 new (cumul 20)
  Delhi | Oncologist: page 3 -> 10 new (cumul 30)
  Delhi | Oncologist: page 4 -> 10 new (cumul 40)
  Delhi | Oncologist: page 5 -> 10 new (cumul 50)
  Delhi | Oncologist: page 6 -> 10 new (cumul 60)
  Delhi | Oncologist: page 7 -> 4 new (cumul 64)
  Delhi | Gastroenterologist: total reported = 45
  Delhi | Gastroenterologist: page 1 -> 10 new (cumul 10)
  Delhi | Gastroenterologist: page 2 -> 10 new (cumul 20)
  Delhi | Gastroenterologist: page 3 -> 10 new (cumul 30)
  Delhi | Gastroenterologist: page 4 -> 10 new (cumul 40)
  Delhi | Gastroenterologist: page 5 -> 5 new (cumul 45)
  Delhi | Dentist: total reported = 357
  Delhi | Dentist: page 1 -> 10 new (cumul 10)
  Delhi | Dentist: page 2 -> 10 new (cumul 20)
  Delhi | Dentist: page 3 -> 10 new (cumul 30)
  Delhi | Dentist: page 4 -> 10 new (cumul 40)
  Delhi | Dentist: page 5 -> 10 new (cumul 50)
  Delhi | Dentist: page 6 -> 10 new (cumul 60)
  Delhi | Dentist: page 7 -> 10 new (cumul 70)
  Delhi | Dentist: page 8 -> 10 new (cumul 80)
  Delhi | Dentist: page 9 -> 10 new (cumul 90)
  Delhi | Dentist: page 10 -> 10 new (cumul 100)
  Delhi | Dentist: page 11 -> 10 new (cumul 110)
  Delhi | Dentist: page 12 -> 10 new (cumul 120)
  Delhi | Dentist: page 13 -> 10 new (cumul 130)
  Delhi | Dentist: page 14 -> 10 new (cumul 140)
  Delhi | Dentist: page 15 -> 10 new (cumul 150)
  Delhi | Dentist: page 16 -> 10 new (cumul 160)
  Delhi | Dentist: page 17 -> 10 new (cumul 170)
  Delhi | Dentist: page 18 -> 10 new (cumul 180)
  Delhi | Dentist: page 19 -> 10 new (cumul 190)
  Delhi | Dentist: page 20 -> 10 new (cumul 200)
  Delhi | Dentist: page 21 -> 10 new (cumul 210)
  Delhi | Dentist: page 22 -> 10 new (cumul 220)
  Delhi | Dentist: page 23 -> 10 new (cumul 230)
  Delhi | Dentist: page 24 -> 10 new (cumul 240)
  Delhi | Dentist: page 25 -> 10 new (cumul 250)
  Delhi | Dentist: page 26 -> 10 new (cumul 260)
  Delhi | Dentist: page 27 -> 10 new (cumul 270)
  Delhi | Dentist: page 28 -> 10 new (cumul 280)
  Delhi | Dentist: page 29 -> 10 new (cumul 290)
  Delhi | Dentist: page 30 -> 10 new (cumul 300)
  Delhi | Dentist: page 31 -> 10 new (cumul 310)
  Delhi | Dentist: page 32 -> 10 new (cumul 320)
  Delhi | Dentist: page 33 -> 10 new (cumul 330)
  Delhi | Dentist: page 34 -> 10 new (cumul 340)
  Delhi | Dentist: page 35 -> 10 new (cumul 350)
  Delhi | Dentist: page 36 -> 7 new (cumul 357)
  Delhi | Pulmonologist: total reported = 57
  Delhi | Pulmonologist: page 1 -> 10 new (cumul 10)
  Delhi | Pulmonologist: page 2 -> 10 new (cumul 20)
  Delhi | Pulmonologist: page 3 -> 10 new (cumul 30)
  Delhi | Pulmonologist: page 4 -> 10 new (cumul 40)
  Delhi | Pulmonologist: page 5 -> 10 new (cumul 50)
  Delhi | Pulmonologist: page 6 -> 7 new (cumul 57)
  Delhi | Endocrinologist: total reported = 14
  Delhi | Endocrinologist: page 1 -> 10 new (cumul 10)
  Delhi | Endocrinologist: page 2 -> 4 new (cumul 14)
  Delhi | Nephrologist: total reported = 28
  Delhi | Nephrologist: page 1 -> 10 new (cumul 10)
  Delhi | Nephrologist: page 2 -> 10 new (cumul 20)
  Delhi | Nephrologist: page 3 -> 8 new (cumul 28)
  Delhi | Rheumatologist: total reported = 19
  Delhi | Rheumatologist: page 1 -> 10 new (cumul 10)
  Delhi | Rheumatologist: page 2 -> 9 new (cumul 19)
  Delhi | Ayurveda: total reported = 38
  Delhi | Ayurveda: page 1 -> 10 new (cumul 10)
  Delhi | Ayurveda: page 2 -> 10 new (cumul 20)
  Delhi | Ayurveda: page 3 -> 10 new (cumul 30)
  Delhi | Ayurveda: page 4 -> 8 new (cumul 38)
  Delhi | Homoeopath: total reported = 42
  Delhi | Homoeopath: page 1 -> 10 new (cumul 10)
  Delhi | Homoeopath: page 2 -> 10 new (cumul 20)
  Delhi | Homoeopath: page 3 -> 10 new (cumul 30)
  Delhi | Homoeopath: page 4 -> 10 new (cumul 40)
  Delhi | Homoeopath: page 5 -> 2 new (cumul 42)
  Delhi unique: 1820

Total unique across all cities: 2535
Wrote data/practo_doctors.json (2535 rows)
  -> data/practo_lucknow.json (715 rows)
  -> data/practo_delhi.json (1820 rows)
Wrote supabase/seed_practo.sql
